[2024-10-30T12:39:03.732+0530][gc,heap] Heap region size: 1M
[2024-10-30T12:39:03.741+0530][gc     ] Using G1
[2024-10-30T12:39:03.741+0530][gc,heap,coops] Heap address: 0x00000000c0000000, size: 1024 MB, Compressed Oops mode: 32-bit
[2024-10-30T12:39:03.741+0530][gc,cds       ] Mark closed archive regions in map: [0x00000000fff00000, 0x00000000fff6bff8]
[2024-10-30T12:39:03.741+0530][gc,cds       ] Mark open archive regions in map: [0x00000000ffe00000, 0x00000000ffe47ff8]
[2024-10-30T12:39:04.143+0530][gc,start     ] GC(0) Pause Young (Normal) (G1 Evacuation Pause)
[2024-10-30T12:39:04.143+0530][gc,task      ] GC(0) Using 10 workers of 10 for evacuation
[2024-10-30T12:39:04.149+0530][gc,phases    ] GC(0)   Pre Evacuate Collection Set: 0.0ms
[2024-10-30T12:39:04.149+0530][gc,phases    ] GC(0)   Evacuate Collection Set: 5.6ms
[2024-10-30T12:39:04.149+0530][gc,phases    ] GC(0)   Post Evacuate Collection Set: 0.3ms
[2024-10-30T12:39:04.149+0530][gc,phases    ] GC(0)   Other: 0.6ms
[2024-10-30T12:39:04.149+0530][gc,heap      ] GC(0) Eden regions: 51->0(44)
[2024-10-30T12:39:04.149+0530][gc,heap      ] GC(0) Survivor regions: 0->7(7)
[2024-10-30T12:39:04.149+0530][gc,heap      ] GC(0) Old regions: 2->3
[2024-10-30T12:39:04.149+0530][gc,heap      ] GC(0) Humongous regions: 0->0
[2024-10-30T12:39:04.149+0530][gc,metaspace ] GC(0) Metaspace: 13114K(13696K)->13114K(13696K) NonClass: 11462K(11776K)->11462K(11776K) Class: 1651K(1920K)->1651K(1920K)
[2024-10-30T12:39:04.149+0530][gc           ] GC(0) Pause Young (Normal) (G1 Evacuation Pause) 51M->8M(1024M) 6.672ms
[2024-10-30T12:39:04.149+0530][gc,cpu       ] GC(0) User=0.05s Sys=0.01s Real=0.01s
[2024-10-30T12:39:04.434+0530][gc,start     ] GC(1) Pause Young (Concurrent Start) (Metadata GC Threshold)
[2024-10-30T12:39:04.434+0530][gc,task      ] GC(1) Using 10 workers of 10 for evacuation
[2024-10-30T12:39:04.440+0530][gc,phases    ] GC(1)   Pre Evacuate Collection Set: 0.1ms
[2024-10-30T12:39:04.440+0530][gc,phases    ] GC(1)   Evacuate Collection Set: 5.3ms
[2024-10-30T12:39:04.440+0530][gc,phases    ] GC(1)   Post Evacuate Collection Set: 0.4ms
[2024-10-30T12:39:04.440+0530][gc,phases    ] GC(1)   Other: 0.2ms
[2024-10-30T12:39:04.440+0530][gc,heap      ] GC(1) Eden regions: 38->0(49)
[2024-10-30T12:39:04.440+0530][gc,heap      ] GC(1) Survivor regions: 7->2(7)
[2024-10-30T12:39:04.440+0530][gc,heap      ] GC(1) Old regions: 3->10
[2024-10-30T12:39:04.440+0530][gc,heap      ] GC(1) Humongous regions: 0->0
[2024-10-30T12:39:04.440+0530][gc,metaspace ] GC(1) Metaspace: 20618K(21248K)->20618K(21248K) NonClass: 18065K(18432K)->18065K(18432K) Class: 2552K(2816K)->2552K(2816K)
[2024-10-30T12:39:04.440+0530][gc           ] GC(1) Pause Young (Concurrent Start) (Metadata GC Threshold) 45M->9M(1024M) 6.028ms
[2024-10-30T12:39:04.440+0530][gc,cpu       ] GC(1) User=0.03s Sys=0.00s Real=0.00s
[2024-10-30T12:39:04.440+0530][gc           ] GC(2) Concurrent Cycle
[2024-10-30T12:39:04.440+0530][gc,marking   ] GC(2) Concurrent Clear Claimed Marks
[2024-10-30T12:39:04.440+0530][gc,marking   ] GC(2) Concurrent Clear Claimed Marks 0.040ms
[2024-10-30T12:39:04.440+0530][gc,marking   ] GC(2) Concurrent Scan Root Regions
[2024-10-30T12:39:04.441+0530][gc,marking   ] GC(2) Concurrent Scan Root Regions 1.144ms
[2024-10-30T12:39:04.441+0530][gc,marking   ] GC(2) Concurrent Mark (0.710s)
[2024-10-30T12:39:04.441+0530][gc,marking   ] GC(2) Concurrent Mark From Roots
[2024-10-30T12:39:04.441+0530][gc,task      ] GC(2) Using 3 workers of 3 for marking
[2024-10-30T12:39:04.444+0530][gc,marking   ] GC(2) Concurrent Mark From Roots 2.789ms
[2024-10-30T12:39:04.444+0530][gc,marking   ] GC(2) Concurrent Preclean
[2024-10-30T12:39:04.444+0530][gc,marking   ] GC(2) Concurrent Preclean 0.051ms
[2024-10-30T12:39:04.444+0530][gc,marking   ] GC(2) Concurrent Mark (0.710s, 0.713s) 2.865ms
[2024-10-30T12:39:04.444+0530][gc,start     ] GC(2) Pause Remark
[2024-10-30T12:39:04.445+0530][gc,stringtable] GC(2) Cleaned string and symbol table, strings: 5850 processed, 0 removed, symbols: 54597 processed, 49 removed
[2024-10-30T12:39:04.445+0530][gc            ] GC(2) Pause Remark 10M->10M(1024M) 1.375ms
[2024-10-30T12:39:04.445+0530][gc,cpu        ] GC(2) User=0.01s Sys=0.00s Real=0.00s
[2024-10-30T12:39:04.445+0530][gc,marking    ] GC(2) Concurrent Rebuild Remembered Sets
[2024-10-30T12:39:04.447+0530][gc,marking    ] GC(2) Concurrent Rebuild Remembered Sets 1.623ms
[2024-10-30T12:39:04.447+0530][gc,start      ] GC(2) Pause Cleanup
[2024-10-30T12:39:04.447+0530][gc            ] GC(2) Pause Cleanup 11M->11M(1024M) 0.194ms
[2024-10-30T12:39:04.447+0530][gc,cpu        ] GC(2) User=0.00s Sys=0.00s Real=0.00s
[2024-10-30T12:39:04.447+0530][gc,marking    ] GC(2) Concurrent Cleanup for Next Mark
[2024-10-30T12:39:04.451+0530][gc,marking    ] GC(2) Concurrent Cleanup for Next Mark 3.135ms
[2024-10-30T12:39:04.451+0530][gc            ] GC(2) Concurrent Cycle 10.791ms
[2024-10-30T12:39:04.740+0530][gc,start      ] GC(3) Pause Young (Normal) (G1 Evacuation Pause)
[2024-10-30T12:39:04.740+0530][gc,task       ] GC(3) Using 10 workers of 10 for evacuation
[2024-10-30T12:39:04.742+0530][gc,phases     ] GC(3)   Pre Evacuate Collection Set: 0.0ms
[2024-10-30T12:39:04.742+0530][gc,phases     ] GC(3)   Evacuate Collection Set: 2.1ms
[2024-10-30T12:39:04.742+0530][gc,phases     ] GC(3)   Post Evacuate Collection Set: 0.4ms
[2024-10-30T12:39:04.742+0530][gc,phases     ] GC(3)   Other: 0.2ms
[2024-10-30T12:39:04.742+0530][gc,heap       ] GC(3) Eden regions: 49->0(46)
[2024-10-30T12:39:04.742+0530][gc,heap       ] GC(3) Survivor regions: 2->5(7)
[2024-10-30T12:39:04.742+0530][gc,heap       ] GC(3) Old regions: 10->10
[2024-10-30T12:39:04.742+0530][gc,heap       ] GC(3) Humongous regions: 129->129
[2024-10-30T12:39:04.742+0530][gc,metaspace  ] GC(3) Metaspace: 28513K(29696K)->28513K(29696K) NonClass: 25165K(25856K)->25165K(25856K) Class: 3348K(3840K)->3348K(3840K)
[2024-10-30T12:39:04.742+0530][gc            ] GC(3) Pause Young (Normal) (G1 Evacuation Pause) 187M->141M(1024M) 2.823ms
[2024-10-30T12:39:04.742+0530][gc,cpu        ] GC(3) User=0.02s Sys=0.00s Real=0.00s
[2024-10-30T12:39:04.942+0530][gc,start      ] GC(4) Pause Young (Concurrent Start) (Metadata GC Threshold)
[2024-10-30T12:39:04.942+0530][gc,task       ] GC(4) Using 10 workers of 10 for evacuation
[2024-10-30T12:39:04.948+0530][gc,phases     ] GC(4)   Pre Evacuate Collection Set: 0.2ms
[2024-10-30T12:39:04.948+0530][gc,phases     ] GC(4)   Evacuate Collection Set: 4.8ms
[2024-10-30T12:39:04.948+0530][gc,phases     ] GC(4)   Post Evacuate Collection Set: 0.3ms
[2024-10-30T12:39:04.948+0530][gc,phases     ] GC(4)   Other: 0.3ms
[2024-10-30T12:39:04.948+0530][gc,heap       ] GC(4) Eden regions: 35->0(45)
[2024-10-30T12:39:04.948+0530][gc,heap       ] GC(4) Survivor regions: 5->6(7)
[2024-10-30T12:39:04.948+0530][gc,heap       ] GC(4) Old regions: 10->11
[2024-10-30T12:39:04.948+0530][gc,heap       ] GC(4) Humongous regions: 129->129
[2024-10-30T12:39:04.948+0530][gc,metaspace  ] GC(4) Metaspace: 34513K(35840K)->34513K(35840K) NonClass: 30519K(31232K)->30519K(31232K) Class: 3994K(4608K)->3994K(4608K)
[2024-10-30T12:39:04.948+0530][gc            ] GC(4) Pause Young (Concurrent Start) (Metadata GC Threshold) 176M->144M(1024M) 5.646ms
[2024-10-30T12:39:04.948+0530][gc,cpu        ] GC(4) User=0.03s Sys=0.00s Real=0.01s
[2024-10-30T12:39:04.948+0530][gc            ] GC(5) Concurrent Cycle
[2024-10-30T12:39:04.948+0530][gc,marking    ] GC(5) Concurrent Clear Claimed Marks
[2024-10-30T12:39:04.948+0530][gc,marking    ] GC(5) Concurrent Clear Claimed Marks 0.134ms
[2024-10-30T12:39:04.948+0530][gc,marking    ] GC(5) Concurrent Scan Root Regions
[2024-10-30T12:39:04.950+0530][gc,marking    ] GC(5) Concurrent Scan Root Regions 1.496ms
[2024-10-30T12:39:04.950+0530][gc,marking    ] GC(5) Concurrent Mark (1.219s)
[2024-10-30T12:39:04.950+0530][gc,marking    ] GC(5) Concurrent Mark From Roots
[2024-10-30T12:39:04.950+0530][gc,task       ] GC(5) Using 3 workers of 3 for marking
[2024-10-30T12:39:04.954+0530][gc,marking    ] GC(5) Concurrent Mark From Roots 4.185ms
[2024-10-30T12:39:04.954+0530][gc,marking    ] GC(5) Concurrent Preclean
[2024-10-30T12:39:04.954+0530][gc,marking    ] GC(5) Concurrent Preclean 0.166ms
[2024-10-30T12:39:04.954+0530][gc,marking    ] GC(5) Concurrent Mark (1.219s, 1.223s) 4.430ms
[2024-10-30T12:39:04.954+0530][gc,start      ] GC(5) Pause Remark
[2024-10-30T12:39:04.957+0530][gc,stringtable] GC(5) Cleaned string and symbol table, strings: 11646 processed, 10 removed, symbols: 90018 processed, 15 removed
[2024-10-30T12:39:04.957+0530][gc            ] GC(5) Pause Remark 145M->145M(1024M) 2.884ms
[2024-10-30T12:39:04.957+0530][gc,cpu        ] GC(5) User=0.02s Sys=0.00s Real=0.00s
[2024-10-30T12:39:04.957+0530][gc,marking    ] GC(5) Concurrent Rebuild Remembered Sets
[2024-10-30T12:39:04.960+0530][gc,marking    ] GC(5) Concurrent Rebuild Remembered Sets 2.433ms
[2024-10-30T12:39:04.960+0530][gc,start      ] GC(5) Pause Cleanup
[2024-10-30T12:39:04.960+0530][gc            ] GC(5) Pause Cleanup 145M->145M(1024M) 0.265ms
[2024-10-30T12:39:04.960+0530][gc,cpu        ] GC(5) User=0.00s Sys=0.00s Real=0.00s
[2024-10-30T12:39:04.960+0530][gc,marking    ] GC(5) Concurrent Cleanup for Next Mark
[2024-10-30T12:39:04.964+0530][gc,marking    ] GC(5) Concurrent Cleanup for Next Mark 3.574ms
[2024-10-30T12:39:04.964+0530][gc            ] GC(5) Concurrent Cycle 15.952ms
[2024-10-30T12:44:08.908+0530][gc,start      ] GC(6) Pause Young (Concurrent Start) (G1 Evacuation Pause)
[2024-10-30T12:44:08.908+0530][gc,task       ] GC(6) Using 10 workers of 10 for evacuation
[2024-10-30T12:44:08.913+0530][gc,phases     ] GC(6)   Pre Evacuate Collection Set: 0.2ms
[2024-10-30T12:44:08.913+0530][gc,phases     ] GC(6)   Evacuate Collection Set: 4.2ms
[2024-10-30T12:44:08.913+0530][gc,phases     ] GC(6)   Post Evacuate Collection Set: 0.4ms
[2024-10-30T12:44:08.913+0530][gc,phases     ] GC(6)   Other: 0.3ms
[2024-10-30T12:44:08.913+0530][gc,heap       ] GC(6) Eden regions: 45->0(46)
[2024-10-30T12:44:08.913+0530][gc,heap       ] GC(6) Survivor regions: 6->5(7)
[2024-10-30T12:44:08.913+0530][gc,heap       ] GC(6) Old regions: 11->14
[2024-10-30T12:44:08.913+0530][gc,heap       ] GC(6) Humongous regions: 129->129
[2024-10-30T12:44:08.913+0530][gc,metaspace  ] GC(6) Metaspace: 41705K(44288K)->41705K(44288K) NonClass: 36234K(37632K)->36234K(37632K) Class: 5471K(6656K)->5471K(6656K)
[2024-10-30T12:44:08.913+0530][gc            ] GC(6) Pause Young (Concurrent Start) (G1 Evacuation Pause) 189M->146M(1024M) 5.131ms
[2024-10-30T12:44:08.913+0530][gc,cpu        ] GC(6) User=0.03s Sys=0.00s Real=0.01s
[2024-10-30T12:44:08.913+0530][gc            ] GC(7) Concurrent Cycle
[2024-10-30T12:44:08.913+0530][gc,marking    ] GC(7) Concurrent Clear Claimed Marks
[2024-10-30T12:44:08.914+0530][gc,marking    ] GC(7) Concurrent Clear Claimed Marks 0.271ms
[2024-10-30T12:44:08.914+0530][gc,marking    ] GC(7) Concurrent Scan Root Regions
[2024-10-30T12:44:08.915+0530][gc,marking    ] GC(7) Concurrent Scan Root Regions 1.715ms
[2024-10-30T12:44:08.915+0530][gc,marking    ] GC(7) Concurrent Mark (305.185s)
[2024-10-30T12:44:08.915+0530][gc,marking    ] GC(7) Concurrent Mark From Roots
[2024-10-30T12:44:08.915+0530][gc,task       ] GC(7) Using 3 workers of 3 for marking
[2024-10-30T12:44:08.920+0530][gc,marking    ] GC(7) Concurrent Mark From Roots 5.002ms
[2024-10-30T12:44:08.920+0530][gc,marking    ] GC(7) Concurrent Preclean
[2024-10-30T12:44:08.921+0530][gc,marking    ] GC(7) Concurrent Preclean 0.108ms
[2024-10-30T12:44:08.921+0530][gc,marking    ] GC(7) Concurrent Mark (305.185s, 305.190s) 5.182ms
[2024-10-30T12:44:08.921+0530][gc,start      ] GC(7) Pause Remark
[2024-10-30T12:44:08.923+0530][gc,stringtable] GC(7) Cleaned string and symbol table, strings: 12800 processed, 7 removed, symbols: 98002 processed, 4 removed
[2024-10-30T12:44:08.923+0530][gc            ] GC(7) Pause Remark 147M->147M(1024M) 2.016ms
[2024-10-30T12:44:08.923+0530][gc,cpu        ] GC(7) User=0.02s Sys=0.00s Real=0.01s
[2024-10-30T12:44:08.923+0530][gc,marking    ] GC(7) Concurrent Rebuild Remembered Sets
[2024-10-30T12:44:08.926+0530][gc,marking    ] GC(7) Concurrent Rebuild Remembered Sets 2.615ms
[2024-10-30T12:44:08.926+0530][gc,start      ] GC(7) Pause Cleanup
[2024-10-30T12:44:08.926+0530][gc            ] GC(7) Pause Cleanup 148M->148M(1024M) 0.101ms
[2024-10-30T12:44:08.926+0530][gc,cpu        ] GC(7) User=0.00s Sys=0.00s Real=0.00s
[2024-10-30T12:44:08.926+0530][gc,marking    ] GC(7) Concurrent Cleanup for Next Mark
[2024-10-30T12:44:08.928+0530][gc,marking    ] GC(7) Concurrent Cleanup for Next Mark 1.462ms
[2024-10-30T12:44:08.928+0530][gc            ] GC(7) Concurrent Cycle 14.540ms
[2024-10-30T12:48:36.819+0530][gc,start      ] GC(8) Pause Young (Normal) (G1 Evacuation Pause)
[2024-10-30T12:48:36.819+0530][gc,task       ] GC(8) Using 10 workers of 10 for evacuation
[2024-10-30T12:48:36.827+0530][gc,phases     ] GC(8)   Pre Evacuate Collection Set: 0.0ms
[2024-10-30T12:48:36.828+0530][gc,phases     ] GC(8)   Evacuate Collection Set: 7.0ms
[2024-10-30T12:48:36.828+0530][gc,phases     ] GC(8)   Post Evacuate Collection Set: 1.1ms
[2024-10-30T12:48:36.828+0530][gc,phases     ] GC(8)   Other: 0.4ms
[2024-10-30T12:48:36.828+0530][gc,heap       ] GC(8) Eden regions: 46->0(44)
[2024-10-30T12:48:36.828+0530][gc,heap       ] GC(8) Survivor regions: 5->7(7)
[2024-10-30T12:48:36.828+0530][gc,heap       ] GC(8) Old regions: 14->17
[2024-10-30T12:48:36.828+0530][gc,heap       ] GC(8) Humongous regions: 129->129
[2024-10-30T12:48:36.828+0530][gc,metaspace  ] GC(8) Metaspace: 44941K(47744K)->44941K(47744K) NonClass: 39083K(40448K)->39083K(40448K) Class: 5857K(7296K)->5857K(7296K)
[2024-10-30T12:48:36.828+0530][gc            ] GC(8) Pause Young (Normal) (G1 Evacuation Pause) 192M->150M(1024M) 8.774ms
[2024-10-30T12:48:36.828+0530][gc,cpu        ] GC(8) User=0.07s Sys=0.00s Real=0.01s
[2024-10-30T12:56:24.656+0530][gc,start      ] GC(9) Pause Young (Normal) (G1 Evacuation Pause)
[2024-10-30T12:56:24.656+0530][gc,task       ] GC(9) Using 10 workers of 10 for evacuation
[2024-10-30T12:56:24.662+0530][gc,phases     ] GC(9)   Pre Evacuate Collection Set: 0.2ms
[2024-10-30T12:56:24.662+0530][gc,phases     ] GC(9)   Evacuate Collection Set: 5.1ms
[2024-10-30T12:56:24.662+0530][gc,phases     ] GC(9)   Post Evacuate Collection Set: 0.7ms
[2024-10-30T12:56:24.662+0530][gc,phases     ] GC(9)   Other: 0.2ms
[2024-10-30T12:56:24.662+0530][gc,heap       ] GC(9) Eden regions: 44->0(48)
[2024-10-30T12:56:24.662+0530][gc,heap       ] GC(9) Survivor regions: 7->3(7)
[2024-10-30T12:56:24.662+0530][gc,heap       ] GC(9) Old regions: 17->21
[2024-10-30T12:56:24.662+0530][gc,heap       ] GC(9) Humongous regions: 129->129
[2024-10-30T12:56:24.662+0530][gc,metaspace  ] GC(9) Metaspace: 45154K(48000K)->45154K(48000K) NonClass: 39270K(40704K)->39270K(40704K) Class: 5884K(7296K)->5884K(7296K)
[2024-10-30T12:56:24.662+0530][gc            ] GC(9) Pause Young (Normal) (G1 Evacuation Pause) 194M->150M(1024M) 6.276ms
[2024-10-30T12:56:24.662+0530][gc,cpu        ] GC(9) User=0.05s Sys=0.00s Real=0.00s
[2024-10-30T13:05:49.789+0530][gc,start      ] GC(10) Pause Young (Normal) (G1 Evacuation Pause)
[2024-10-30T13:05:49.789+0530][gc,task       ] GC(10) Using 10 workers of 10 for evacuation
[2024-10-30T13:05:49.792+0530][gc,phases     ] GC(10)   Pre Evacuate Collection Set: 0.0ms
[2024-10-30T13:05:49.792+0530][gc,phases     ] GC(10)   Evacuate Collection Set: 2.5ms
[2024-10-30T13:05:49.792+0530][gc,phases     ] GC(10)   Post Evacuate Collection Set: 0.4ms
[2024-10-30T13:05:49.792+0530][gc,phases     ] GC(10)   Other: 0.2ms
[2024-10-30T13:05:49.792+0530][gc,heap       ] GC(10) Eden regions: 48->0(46)
[2024-10-30T13:05:49.792+0530][gc,heap       ] GC(10) Survivor regions: 3->5(7)
[2024-10-30T13:05:49.792+0530][gc,heap       ] GC(10) Old regions: 21->21
[2024-10-30T13:05:49.792+0530][gc,heap       ] GC(10) Humongous regions: 129->129
[2024-10-30T13:05:49.792+0530][gc,metaspace  ] GC(10) Metaspace: 45205K(48256K)->45205K(48256K) NonClass: 39321K(40960K)->39321K(40960K) Class: 5884K(7296K)->5884K(7296K)
[2024-10-30T13:05:49.792+0530][gc            ] GC(10) Pause Young (Normal) (G1 Evacuation Pause) 198M->152M(1024M) 3.298ms
[2024-10-30T13:05:49.792+0530][gc,cpu        ] GC(10) User=0.02s Sys=0.00s Real=0.01s
[2024-10-30T13:14:47.004+0530][gc,start      ] GC(11) Pause Young (Normal) (G1 Evacuation Pause)
[2024-10-30T13:14:47.004+0530][gc,task       ] GC(11) Using 10 workers of 10 for evacuation
[2024-10-30T13:14:47.012+0530][gc,phases     ] GC(11)   Pre Evacuate Collection Set: 0.2ms
[2024-10-30T13:14:47.013+0530][gc,phases     ] GC(11)   Evacuate Collection Set: 8.0ms
[2024-10-30T13:14:47.013+0530][gc,phases     ] GC(11)   Post Evacuate Collection Set: 0.3ms
[2024-10-30T13:14:47.013+0530][gc,phases     ] GC(11)   Other: 0.4ms
[2024-10-30T13:14:47.013+0530][gc,heap       ] GC(11) Eden regions: 46->0(48)
[2024-10-30T13:14:47.013+0530][gc,heap       ] GC(11) Survivor regions: 5->7(7)
[2024-10-30T13:14:47.013+0530][gc,heap       ] GC(11) Old regions: 21->22
[2024-10-30T13:14:47.013+0530][gc,heap       ] GC(11) Humongous regions: 129->129
[2024-10-30T13:14:47.013+0530][gc,metaspace  ] GC(11) Metaspace: 45332K(48256K)->45332K(48256K) NonClass: 39436K(40960K)->39436K(40960K) Class: 5895K(7296K)->5895K(7296K)
[2024-10-30T13:14:47.013+0530][gc            ] GC(11) Pause Young (Normal) (G1 Evacuation Pause) 198M->156M(1024M) 8.976ms
[2024-10-30T13:14:47.013+0530][gc,cpu        ] GC(11) User=0.06s Sys=0.00s Real=0.01s
[2024-10-30T15:16:17.374+0530][gc,start      ] GC(12) Pause Young (Normal) (G1 Evacuation Pause)
[2024-10-30T15:16:17.377+0530][gc,task       ] GC(12) Using 10 workers of 10 for evacuation
[2024-10-30T15:16:17.385+0530][gc,phases     ] GC(12)   Pre Evacuate Collection Set: 0.1ms
[2024-10-30T15:16:17.385+0530][gc,phases     ] GC(12)   Evacuate Collection Set: 7.8ms
[2024-10-30T15:16:17.385+0530][gc,phases     ] GC(12)   Post Evacuate Collection Set: 0.4ms
[2024-10-30T15:16:17.385+0530][gc,phases     ] GC(12)   Other: 2.5ms
[2024-10-30T15:16:17.385+0530][gc,heap       ] GC(12) Eden regions: 48->0(51)
[2024-10-30T15:16:17.385+0530][gc,heap       ] GC(12) Survivor regions: 7->5(7)
[2024-10-30T15:16:17.385+0530][gc,heap       ] GC(12) Old regions: 22->28
[2024-10-30T15:16:17.385+0530][gc,heap       ] GC(12) Humongous regions: 129->129
[2024-10-30T15:16:17.385+0530][gc,metaspace  ] GC(12) Metaspace: 45429K(48256K)->45429K(48256K) NonClass: 39533K(40960K)->39533K(40960K) Class: 5895K(7296K)->5895K(7296K)
[2024-10-30T15:16:17.385+0530][gc            ] GC(12) Pause Young (Normal) (G1 Evacuation Pause) 204M->160M(1024M) 10.837ms
[2024-10-30T15:16:17.385+0530][gc,cpu        ] GC(12) User=0.08s Sys=0.00s Real=0.01s
[2024-10-30T15:26:39.366+0530][gc,start      ] GC(13) Pause Young (Normal) (G1 Evacuation Pause)
[2024-10-30T15:26:39.366+0530][gc,task       ] GC(13) Using 10 workers of 10 for evacuation
[2024-10-30T15:26:39.374+0530][gc,phases     ] GC(13)   Pre Evacuate Collection Set: 0.0ms
[2024-10-30T15:26:39.374+0530][gc,phases     ] GC(13)   Evacuate Collection Set: 7.3ms
[2024-10-30T15:26:39.374+0530][gc,phases     ] GC(13)   Post Evacuate Collection Set: 0.5ms
[2024-10-30T15:26:39.374+0530][gc,phases     ] GC(13)   Other: 0.5ms
[2024-10-30T15:26:39.374+0530][gc,heap       ] GC(13) Eden regions: 51->0(55)
[2024-10-30T15:26:39.374+0530][gc,heap       ] GC(13) Survivor regions: 5->6(7)
[2024-10-30T15:26:39.374+0530][gc,heap       ] GC(13) Old regions: 28->32
[2024-10-30T15:26:39.374+0530][gc,heap       ] GC(13) Humongous regions: 129->129
[2024-10-30T15:26:39.374+0530][gc,metaspace  ] GC(13) Metaspace: 45477K(48512K)->45477K(48512K) NonClass: 39581K(41216K)->39581K(41216K) Class: 5895K(7296K)->5895K(7296K)
[2024-10-30T15:26:39.374+0530][gc            ] GC(13) Pause Young (Normal) (G1 Evacuation Pause) 211M->165M(1024M) 8.329ms
[2024-10-30T15:26:39.374+0530][gc,cpu        ] GC(13) User=0.06s Sys=0.01s Real=0.01s
[2024-10-30T15:34:28.809+0530][gc,start      ] GC(14) Pause Young (Normal) (G1 Evacuation Pause)
[2024-10-30T15:34:28.809+0530][gc,task       ] GC(14) Using 10 workers of 10 for evacuation
[2024-10-30T15:34:28.829+0530][gc,phases     ] GC(14)   Pre Evacuate Collection Set: 0.0ms
[2024-10-30T15:34:28.829+0530][gc,phases     ] GC(14)   Evacuate Collection Set: 16.0ms
[2024-10-30T15:34:28.829+0530][gc,phases     ] GC(14)   Post Evacuate Collection Set: 1.0ms
[2024-10-30T15:34:28.829+0530][gc,phases     ] GC(14)   Other: 2.4ms
[2024-10-30T15:34:28.829+0530][gc,heap       ] GC(14) Eden regions: 55->0(90)
[2024-10-30T15:34:28.829+0530][gc,heap       ] GC(14) Survivor regions: 6->6(8)
[2024-10-30T15:34:28.829+0530][gc,heap       ] GC(14) Old regions: 32->36
[2024-10-30T15:34:28.829+0530][gc,heap       ] GC(14) Humongous regions: 129->129
[2024-10-30T15:34:28.829+0530][gc,metaspace  ] GC(14) Metaspace: 45780K(48896K)->45780K(48896K) NonClass: 39849K(41472K)->39849K(41472K) Class: 5930K(7424K)->5930K(7424K)
[2024-10-30T15:34:28.829+0530][gc            ] GC(14) Pause Young (Normal) (G1 Evacuation Pause) 220M->168M(1024M) 19.946ms
[2024-10-30T15:34:28.829+0530][gc,cpu        ] GC(14) User=0.12s Sys=0.01s Real=0.02s
[2024-10-30T15:48:17.274+0530][gc,start      ] GC(15) Pause Young (Normal) (G1 Evacuation Pause)
[2024-10-30T15:48:17.274+0530][gc,task       ] GC(15) Using 10 workers of 10 for evacuation
[2024-10-30T15:48:17.281+0530][gc,phases     ] GC(15)   Pre Evacuate Collection Set: 0.0ms
[2024-10-30T15:48:17.281+0530][gc,phases     ] GC(15)   Evacuate Collection Set: 6.0ms
[2024-10-30T15:48:17.281+0530][gc,phases     ] GC(15)   Post Evacuate Collection Set: 0.6ms
[2024-10-30T15:48:17.281+0530][gc,phases     ] GC(15)   Other: 0.4ms
[2024-10-30T15:48:17.281+0530][gc,heap       ] GC(15) Eden regions: 90->0(608)
[2024-10-30T15:48:17.281+0530][gc,heap       ] GC(15) Survivor regions: 6->6(12)
[2024-10-30T15:48:17.281+0530][gc,heap       ] GC(15) Old regions: 36->36
[2024-10-30T15:48:17.281+0530][gc,heap       ] GC(15) Humongous regions: 129->129
[2024-10-30T15:48:17.281+0530][gc,metaspace  ] GC(15) Metaspace: 46155K(49152K)->46155K(49152K) NonClass: 40167K(41728K)->40167K(41728K) Class: 5988K(7424K)->5988K(7424K)
[2024-10-30T15:48:17.281+0530][gc            ] GC(15) Pause Young (Normal) (G1 Evacuation Pause) 258M->169M(1024M) 7.038ms
[2024-10-30T15:48:17.281+0530][gc,cpu        ] GC(15) User=0.03s Sys=0.02s Real=0.01s
[2024-10-30T16:52:43.988+0530][gc,start      ] GC(16) Pause Young (Normal) (G1 Evacuation Pause)
[2024-10-30T16:52:43.989+0530][gc,task       ] GC(16) Using 10 workers of 10 for evacuation
[2024-10-30T16:52:44.009+0530][gc,mmu        ] GC(16) MMU target violated: 20.3ms (20.0ms/21.0ms)
[2024-10-30T16:52:44.009+0530][gc,phases     ] GC(16)   Pre Evacuate Collection Set: 7.9ms
[2024-10-30T16:52:44.009+0530][gc,phases     ] GC(16)   Evacuate Collection Set: 6.0ms
[2024-10-30T16:52:44.009+0530][gc,phases     ] GC(16)   Post Evacuate Collection Set: 6.0ms
[2024-10-30T16:52:44.009+0530][gc,phases     ] GC(16)   Other: 1.1ms
[2024-10-30T16:52:44.009+0530][gc,heap       ] GC(16) Eden regions: 456->0(359)
[2024-10-30T16:52:44.009+0530][gc,heap       ] GC(16) Survivor regions: 6->7(58)
[2024-10-30T16:52:44.009+0530][gc,heap       ] GC(16) Old regions: 36->36
[2024-10-30T16:52:44.009+0530][gc,heap       ] GC(16) Humongous regions: 129->129
[2024-10-30T16:52:44.009+0530][gc,metaspace  ] GC(16) Metaspace: 46918K(50176K)->46918K(50176K) NonClass: 40789K(42496K)->40789K(42496K) Class: 6128K(7680K)->6128K(7680K)
[2024-10-30T16:52:44.009+0530][gc            ] GC(16) Pause Young (Normal) (G1 Evacuation Pause) 625M->169M(1024M) 21.042ms
[2024-10-30T16:52:44.009+0530][gc,cpu        ] GC(16) User=0.06s Sys=0.01s Real=0.02s
[2024-10-30T16:52:45.672+0530][gc,heap,exit  ] Heap
[2024-10-30T16:52:45.672+0530][gc,heap,exit  ]  garbage-first heap   total 1048576K, used 178899K [0x00000000c0000000, 0x0000000100000000)
[2024-10-30T16:52:45.672+0530][gc,heap,exit  ]   region size 1024K, 13 young (13312K), 7 survivors (7168K)
[2024-10-30T16:52:45.672+0530][gc,heap,exit  ]  Metaspace       used 47536K, capacity 50700K, committed 50816K, reserved 1091584K
[2024-10-30T16:52:45.672+0530][gc,heap,exit  ]   class space    used 6239K, capacity 7772K, committed 7808K, reserved 1048576K
